mode: set
go-ecomerce-backend-api/m/tests/basic/main.go:3.26,5.2 1 1
